
KANGONE BI@LAPTOP-1RN3020I MINGW64 ~
$ git clone https://github.com/kangonetresor/test.git
Cloning into 'test'...
remote: Enumerating objects: 3, done.
remote: Counting objects: 100% (3/3), done.
remote: Total 3 (delta 0), reused 0 (delta 0), pack-reused 0
Receiving objects: 100% (3/3), done.

KANGONE BI@LAPTOP-1RN3020I MINGW64 ~
$ cd test

KANGONE BI@LAPTOP-1RN3020I MINGW64 ~/test (main)
$ git status
On branch main
Your branch is up to date with 'origin/main'.

nothing to commit, working tree clean

KANGONE BI@LAPTOP-1RN3020I MINGW64 ~/test (main)
$ ls
README.md

KANGONE BI@LAPTOP-1RN3020I MINGW64 ~/test (main)
$ code .

KANGONE BI@LAPTOP-1RN3020I MINGW64 ~/test (main)
$ git status
On branch main
Your branch is up to date with 'origin/main'.

Changes not staged for commit:
  (use "git add <file>..." to update what will be committed)
  (use "git restore <file>..." to discard changes in working directory)
        modified:   README.md

Untracked files:
  (use "git add <file>..." to include in what will be committed)
        index.py

no changes added to commit (use "git add" and/or "git commit -a")

KANGONE BI@LAPTOP-1RN3020I MINGW64 ~/test (main)
$ git add index.py README.md

KANGONE BI@LAPTOP-1RN3020I MINGW64 ~/test (main)
$ git status
On branch main
Your branch is up to date with 'origin/main'.

Changes to be committed:
  (use "git restore --staged <file>..." to unstage)
        modified:   README.md
        new file:   index.py


KANGONE BI@LAPTOP-1RN3020I MINGW64 ~/test (main)
$ git commit -m "Add index.py"
[main 3defbda] Add index.py
 2 files changed, 2 insertions(+), 1 deletion(-)
 create mode 100644 index.py

KANGONE BI@LAPTOP-1RN3020I MINGW64 ~/test (main)
$ git status
On branch main
Your branch is ahead of 'origin/main' by 1 commit.
  (use "git push" to publish your local commits)

nothing to commit, working tree clean

KANGONE BI@LAPTOP-1RN3020I MINGW64 ~/test (main)
$ git push
Enumerating objects: 6, done.
Counting objects: 100% (6/6), done.
Delta compression using up to 4 threads
Compressing objects: 100% (2/2), done.
Writing objects: 100% (4/4), 363 bytes | 363.00 KiB/s, done.
Total 4 (delta 0), reused 0 (delta 0), pack-reused 0
To https://github.com/kangonetresor/test.git
   1d85afc..3defbda  main -> main

KANGONE BI@LAPTOP-1RN3020I MINGW64 ~/test (main)
$
